D:\Biosignal\demo_model_tinyML\AI_model_DK_Deployment\ESP32_I2C_MCXN947\IDE_mcxn947\frdmmcxn947_tflm_cifar10_cm33_core0\drivers/fsl_clock.h:1492:20:CLOCK_EnableClock	24	static
D:\Biosignal\demo_model_tinyML\AI_model_DK_Deployment\ESP32_I2C_MCXN947\IDE_mcxn947\frdmmcxn947_tflm_cifar10_cm33_core0\drivers/fsl_port.h:360:20:PORT_SetPinConfig	32	static
D:\Biosignal\demo_model_tinyML\AI_model_DK_Deployment\ESP32_I2C_MCXN947\IDE_mcxn947\frdmmcxn947_tflm_cifar10_cm33_core0\drivers/fsl_port.h:463:20:PORT_SetPinMux	24	static
../board/pin_mux.c:30:6:BOARD_InitBootPins	8	static
../board/pin_mux.c:61:6:BOARD_InitPins	24	static
