C:/NXP/MCUXpressoIDE_25.6.136/ide/plugins/com.nxp.mcuxpresso.tools.win32_25.6.0.202501151204/tools/arm-none-eabi/include/c++/14.2.1/arm-none-eabi/thumb/v8-m.main+fp/hard/bits/gthr-default.h:229:1:int __gthread_key_delete(__gthread_key_t)	16	static
D:\Biosignal\demo_model_tinyML\AI_model_DK_Deployment\IDE_mcxn947\frdmmcxn947_tflm_cifar10_cm33_core0\eiq\tensorflow-lite/tensorflow/lite/micro/micro_op_resolver.h:50:11:tflite::MicroOpResolver::~MicroOpResolver()	16	static
D:\Biosignal\demo_model_tinyML\AI_model_DK_Deployment\IDE_mcxn947\frdmmcxn947_tflm_cifar10_cm33_core0\eiq\tensorflow-lite/tensorflow/lite/micro/micro_op_resolver.h:50:11:virtual tflite::MicroOpResolver::~MicroOpResolver()	16	static
D:\Biosignal\demo_model_tinyML\AI_model_DK_Deployment\IDE_mcxn947\frdmmcxn947_tflm_cifar10_cm33_core0\eiq\tensorflow-lite/tensorflow/lite/micro/micro_mutable_op_resolver.h:49:7:tflite::MicroMutableOpResolver<14>::~MicroMutableOpResolver()	16	static
D:\Biosignal\demo_model_tinyML\AI_model_DK_Deployment\IDE_mcxn947\frdmmcxn947_tflm_cifar10_cm33_core0\eiq\tensorflow-lite/tensorflow/lite/micro/micro_mutable_op_resolver.h:49:7:virtual tflite::MicroMutableOpResolver<14>::~MicroMutableOpResolver()	16	static
../source/model_cifarnet_ops_npu.cpp:12:26:tflite::MicroOpResolver& MODEL_GetOpsResolver()	160	static
D:\Biosignal\demo_model_tinyML\AI_model_DK_Deployment\IDE_mcxn947\frdmmcxn947_tflm_cifar10_cm33_core0\eiq\tensorflow-lite/tensorflow/lite/micro/micro_op_resolver.h:34:7:constexpr tflite::MicroOpResolver::MicroOpResolver()	16	static
D:\Biosignal\demo_model_tinyML\AI_model_DK_Deployment\IDE_mcxn947\frdmmcxn947_tflm_cifar10_cm33_core0\eiq\tensorflow-lite/tensorflow/lite/micro/micro_mutable_op_resolver.h:53:12:tflite::MicroMutableOpResolver<tOpCount>::MicroMutableOpResolver() [with unsigned int tOpCount = 14]	16	static
D:\Biosignal\demo_model_tinyML\AI_model_DK_Deployment\IDE_mcxn947\frdmmcxn947_tflm_cifar10_cm33_core0\eiq\tensorflow-lite/tensorflow/lite/micro/micro_mutable_op_resolver.h:51:3:static void tflite::MicroMutableOpResolver<tOpCount>::operator delete(void*) [with unsigned int tOpCount = 14]	16	static
D:\Biosignal\demo_model_tinyML\AI_model_DK_Deployment\IDE_mcxn947\frdmmcxn947_tflm_cifar10_cm33_core0\eiq\tensorflow-lite/tensorflow/lite/micro/micro_mutable_op_resolver.h:379:16:TfLiteStatus tflite::MicroMutableOpResolver<tOpCount>::AddLeakyRelu() [with unsigned int tOpCount = 14]	48	static
D:\Biosignal\demo_model_tinyML\AI_model_DK_Deployment\IDE_mcxn947\frdmmcxn947_tflm_cifar10_cm33_core0\eiq\tensorflow-lite/tensorflow/lite/micro/micro_mutable_op_resolver.h:437:16:TfLiteStatus tflite::MicroMutableOpResolver<tOpCount>::AddMean() [with unsigned int tOpCount = 14]	48	static
D:\Biosignal\demo_model_tinyML\AI_model_DK_Deployment\IDE_mcxn947\frdmmcxn947_tflm_cifar10_cm33_core0\eiq\tensorflow-lite/tensorflow/lite/micro/micro_mutable_op_resolver.h:328:16:TfLiteStatus tflite::MicroMutableOpResolver<tOpCount>::AddFullyConnected(const TFLMRegistration&) [with unsigned int tOpCount = 14]	16	static
D:\Biosignal\demo_model_tinyML\AI_model_DK_Deployment\IDE_mcxn947\frdmmcxn947_tflm_cifar10_cm33_core0\eiq\tensorflow-lite/tensorflow/lite/micro/micro_mutable_op_resolver.h:412:16:TfLiteStatus tflite::MicroMutableOpResolver<tOpCount>::AddLogistic() [with unsigned int tOpCount = 14]	48	static
D:\Biosignal\demo_model_tinyML\AI_model_DK_Deployment\IDE_mcxn947\frdmmcxn947_tflm_cifar10_cm33_core0\eiq\tensorflow-lite/tensorflow/lite/micro/micro_mutable_op_resolver.h:512:16:TfLiteStatus tflite::MicroMutableOpResolver<tOpCount>::AddReshape() [with unsigned int tOpCount = 14]	48	static
D:\Biosignal\demo_model_tinyML\AI_model_DK_Deployment\IDE_mcxn947\frdmmcxn947_tflm_cifar10_cm33_core0\eiq\tensorflow-lite/tensorflow/lite/micro/micro_mutable_op_resolver.h:446:16:TfLiteStatus tflite::MicroMutableOpResolver<tOpCount>::AddMul(const TFLMRegistration&) [with unsigned int tOpCount = 14]	16	static
D:\Biosignal\demo_model_tinyML\AI_model_DK_Deployment\IDE_mcxn947\frdmmcxn947_tflm_cifar10_cm33_core0\eiq\tensorflow-lite/tensorflow/lite/micro/micro_mutable_op_resolver.h:564:16:TfLiteStatus tflite::MicroMutableOpResolver<tOpCount>::AddSpaceToBatchNd() [with unsigned int tOpCount = 14]	48	static
D:\Biosignal\demo_model_tinyML\AI_model_DK_Deployment\IDE_mcxn947\frdmmcxn947_tflm_cifar10_cm33_core0\eiq\tensorflow-lite/tensorflow/lite/micro/micro_mutable_op_resolver.h:219:16:TfLiteStatus tflite::MicroMutableOpResolver<tOpCount>::AddDepthwiseConv2D(const TFLMRegistration&) [with unsigned int tOpCount = 14]	16	static
D:\Biosignal\demo_model_tinyML\AI_model_DK_Deployment\IDE_mcxn947\frdmmcxn947_tflm_cifar10_cm33_core0\eiq\tensorflow-lite/tensorflow/lite/micro/micro_mutable_op_resolver.h:158:16:TfLiteStatus tflite::MicroMutableOpResolver<tOpCount>::AddBatchToSpaceNd() [with unsigned int tOpCount = 14]	48	static
D:\Biosignal\demo_model_tinyML\AI_model_DK_Deployment\IDE_mcxn947\frdmmcxn947_tflm_cifar10_cm33_core0\eiq\tensorflow-lite/tensorflow/lite/micro/micro_mutable_op_resolver.h:470:16:TfLiteStatus tflite::MicroMutableOpResolver<tOpCount>::AddPad(const TFLMRegistration&) [with unsigned int tOpCount = 14]	16	static
D:\Biosignal\demo_model_tinyML\AI_model_DK_Deployment\IDE_mcxn947\frdmmcxn947_tflm_cifar10_cm33_core0\eiq\tensorflow-lite/tensorflow/lite/micro/micro_mutable_op_resolver.h:555:16:TfLiteStatus tflite::MicroMutableOpResolver<tOpCount>::AddSlice() [with unsigned int tOpCount = 14]	48	static
D:\Biosignal\demo_model_tinyML\AI_model_DK_Deployment\IDE_mcxn947\frdmmcxn947_tflm_cifar10_cm33_core0\eiq\tensorflow-lite/tensorflow/lite/micro/micro_mutable_op_resolver.h:125:16:TfLiteStatus tflite::MicroMutableOpResolver<tOpCount>::AddAdd(const TFLMRegistration&) [with unsigned int tOpCount = 14]	16	static
D:\Biosignal\demo_model_tinyML\AI_model_DK_Deployment\IDE_mcxn947\frdmmcxn947_tflm_cifar10_cm33_core0\eiq\tensorflow-lite/tensorflow/lite/micro/micro_mutable_op_resolver.h:498:16:TfLiteStatus tflite::MicroMutableOpResolver<tOpCount>::AddReduceMax() [with unsigned int tOpCount = 14]	48	static
D:\Biosignal\demo_model_tinyML\AI_model_DK_Deployment\IDE_mcxn947\frdmmcxn947_tflm_cifar10_cm33_core0\eiq\tensorflow-lite/tensorflow/lite/micro/micro_mutable_op_resolver.h:93:16:TfLiteStatus tflite::MicroMutableOpResolver<tOpCount>::AddCustom(const char*, const TFLMRegistration*) [with unsigned int tOpCount = 14]	40	static
D:\Biosignal\demo_model_tinyML\AI_model_DK_Deployment\IDE_mcxn947\frdmmcxn947_tflm_cifar10_cm33_core0\eiq\tensorflow-lite/tensorflow/lite/micro/micro_mutable_op_resolver.h:671:16:TfLiteStatus tflite::MicroMutableOpResolver<tOpCount>::AddBuiltin(tflite::BuiltinOperator, const TFLMRegistration&, tflite::TfLiteBridgeBuiltinParseFunction) [with unsigned int tOpCount = 14]	32	static
D:\Biosignal\demo_model_tinyML\AI_model_DK_Deployment\IDE_mcxn947\frdmmcxn947_tflm_cifar10_cm33_core0\eiq\tensorflow-lite/tensorflow/lite/micro/micro_mutable_op_resolver.h:67:27:const TFLMRegistration* tflite::MicroMutableOpResolver<tOpCount>::FindOp(const char*) const [with unsigned int tOpCount = 14]	24	static
D:\Biosignal\demo_model_tinyML\AI_model_DK_Deployment\IDE_mcxn947\frdmmcxn947_tflm_cifar10_cm33_core0\eiq\tensorflow-lite/tensorflow/lite/micro/micro_mutable_op_resolver.h:55:27:const TFLMRegistration* tflite::MicroMutableOpResolver<tOpCount>::FindOp(tflite::BuiltinOperator) const [with unsigned int tOpCount = 14]	24	static
D:\Biosignal\demo_model_tinyML\AI_model_DK_Deployment\IDE_mcxn947\frdmmcxn947_tflm_cifar10_cm33_core0\eiq\tensorflow-lite/tensorflow/lite/micro/micro_mutable_op_resolver.h:78:36:TfLiteStatus (* tflite::MicroMutableOpResolver<tOpCount>::GetOpDataParser(tflite::BuiltinOperator) const)(const tflite::Operator*, tflite::ErrorReporter*, tflite::BuiltinDataAllocator*, void**) [with unsigned int tOpCount = 14]	24	static
